This is pdfTeX, Version 3.141592653-2.6-1.40.29 (MiKTeX 26.2) (preloaded format=pdflatex 2026.4.24)  25 APR 2026 18:27
entering extended mode
 restricted \write18 enabled.
 file:line:error style messages enabled.
 %&-line parsing enabled.
**c:/Users/Rishikesh/Desktop/Thesis/Rishikesh_UGRC_Thesis.tex
(c:/Users/Rishikesh/Desktop/Thesis/Rishikesh_UGRC_Thesis.tex
LaTeX2e <2025-11-01>
L3 programming layer <2026-03-20>
(C:\Users\Rishikesh\AppData\Local\Programs\MiKTeX\tex/latex/base\book.cls
Document Class: book 2025/01/22 v1.4n Standard LaTeX document class
(C:\Users\Rishikesh\AppData\Local\Programs\MiKTeX\tex/latex/base\bk11.clo
File: bk11.clo 2025/01/22 v1.4n Standard LaTeX file (size option)
)
\c@part=\count275
\c@chapter=\count276
\c@section=\count277
\c@subsection=\count278
\c@subsubsection=\count279
\c@paragraph=\count280
\c@subparagraph=\count281
\c@figure=\count282
\c@table=\count283
\abovecaptionskip=\skip49
\belowcaptionskip=\skip50
\bibindent=\dimen150
) (sasv.sty (C:\Users\Rishikesh\AppData\Local\Programs\MiKTeX\tex/latex/amsmath\amsmath.sty
Package: amsmath 2025/07/09 v2.17z AMS math features
\@mathmargin=\skip51

For additional information on amsmath, use the `?' option.
(C:\Users\Rishikesh\AppData\Local\Programs\MiKTeX\tex/latex/amsmath\amstext.sty
Package: amstext 2024/11/17 v2.01 AMS text
 (C:\Users\Rishikesh\AppData\Local\Programs\MiKTeX\tex/latex/amsmath\amsgen.sty
File: amsgen.sty 1999/11/30 v2.0 generic functions
\@emptytoks=\toks17
\ex@=\dimen151
)) (C:\Users\Rishikesh\AppData\Local\Programs\MiKTeX\tex/latex/amsmath\amsbsy.sty
Package: amsbsy 1999/11/29 v1.2d Bold Symbols
\pmbraise@=\dimen152
) (C:\Users\Rishikesh\AppData\Local\Programs\MiKTeX\tex/latex/amsmath\amsopn.sty
Package: amsopn 2022/04/08 v2.04 operator names
)
\inf@bad=\count284
LaTeX Info: Redefining \frac on input line 233.
\uproot@=\count285
\leftroot@=\count286
LaTeX Info: Redefining \overline on input line 398.
LaTeX Info: Redefining \colon on input line 409.
\classnum@=\count287
\DOTSCASE@=\count288
LaTeX Info: Redefining \ldots on input line 495.
LaTeX Info: Redefining \dots on input line 498.
LaTeX Info: Redefining \cdots on input line 619.
\Mathstrutbox@=\box53
\strutbox@=\box54
LaTeX Info: Redefining \big on input line 721.
LaTeX Info: Redefining \Big on input line 722.
LaTeX Info: Redefining \bigg on input line 723.
LaTeX Info: Redefining \Bigg on input line 724.
\big@size=\dimen153
LaTeX Font Info:    Redeclaring font encoding OML on input line 742.
LaTeX Font Info:    Redeclaring font encoding OMS on input line 743.
\macc@depth=\count289
LaTeX Info: Redefining \bmod on input line 904.
LaTeX Info: Redefining \pmod on input line 909.
LaTeX Info: Redefining \smash on input line 939.
LaTeX Info: Redefining \relbar on input line 969.
LaTeX Info: Redefining \Relbar on input line 970.
\c@MaxMatrixCols=\count290
\dotsspace@=\muskip17
\c@parentequation=\count291
\dspbrk@lvl=\count292
\tag@help=\toks18
\row@=\count293
\column@=\count294
\maxfields@=\count295
\andhelp@=\toks19
\eqnshift@=\dimen154
\alignsep@=\dimen155
\tagshift@=\dimen156
\tagwidth@=\dimen157
\totwidth@=\dimen158
\lineht@=\dimen159
\@envbody=\toks20
\multlinegap=\skip52
\multlinetaggap=\skip53
\mathdisplay@stack=\toks21
LaTeX Info: Redefining \[ on input line 2950.
LaTeX Info: Redefining \] on input line 2951.
) (C:\Users\Rishikesh\AppData\Local\Programs\MiKTeX\tex/latex/amsfonts\amssymb.sty
Package: amssymb 2013/01/14 v3.01 AMS font symbols
 (C:\Users\Rishikesh\AppData\Local\Programs\MiKTeX\tex/latex/amsfonts\amsfonts.sty
Package: amsfonts 2013/01/14 v3.01 Basic AMSFonts support
\symAMSa=\mathgroup4
\symAMSb=\mathgroup5
LaTeX Font Info:    Redeclaring math symbol \hbar on input line 98.
LaTeX Font Info:    Overwriting math alphabet `\mathfrak' in version `bold'
(Font)                  U/euf/m/n --> U/euf/b/n on input line 106.
)) (C:\Users\Rishikesh\AppData\Local\Programs\MiKTeX\tex/latex/bbm\bbm.sty
Package: bbm 1999/03/15 V 1.2 provides fonts for set symbols - TH
LaTeX Font Info:    Overwriting math alphabet `\mathbbm' in version `bold'
(Font)                  U/bbm/m/n --> U/bbm/bx/n on input line 33.
LaTeX Font Info:    Overwriting math alphabet `\mathbbmss' in version `bold'
(Font)                  U/bbmss/m/n --> U/bbmss/bx/n on input line 35.
) (C:\Users\Rishikesh\AppData\Local\Programs\MiKTeX\tex/latex/multirow\multirow.sty
Package: multirow 2024/11/12 v2.9 Span multiple rows of a table
\multirow@colwidth=\skip54
\multirow@cntb=\count296
\multirow@dima=\skip55
\bigstrutjot=\dimen160
) (C:\Users\Rishikesh\AppData\Local\Programs\MiKTeX\tex/latex/placeins\placeins.sty
Package: placeins 2005/04/18  v 2.2
) (C:\Users\Rishikesh\AppData\Local\Programs\MiKTeX\tex/latex/graphics\graphicx.sty
Package: graphicx 2024/12/31 v1.2e Enhanced LaTeX Graphics (DPC,SPQR)
 (C:\Users\Rishikesh\AppData\Local\Programs\MiKTeX\tex/latex/graphics\keyval.sty
Package: keyval 2022/05/29 v1.15 key=value parser (DPC)
\KV@toks@=\toks22
) (C:\Users\Rishikesh\AppData\Local\Programs\MiKTeX\tex/latex/graphics\graphics.sty
Package: graphics 2024/08/06 v1.4g Standard LaTeX Graphics (DPC,SPQR)
 (C:\Users\Rishikesh\AppData\Local\Programs\MiKTeX\tex/latex/graphics\trig.sty
Package: trig 2023/12/02 v1.11 sin cos tan (DPC)
) (C:\Users\Rishikesh\AppData\Local\Programs\MiKTeX\tex/latex/graphics-cfg\graphics.cfg
File: graphics.cfg 2016/06/04 v1.11 sample graphics configuration
)
Package graphics Info: Driver file: pdftex.def on input line 106.
 (C:\Users\Rishikesh\AppData\Local\Programs\MiKTeX\tex/latex/graphics-def\pdftex.def
File: pdftex.def 2025/09/29 v1.2d Graphics/color driver for pdftex
))
\Gin@req@height=\dimen161
\Gin@req@width=\dimen162
) (C:\Users\Rishikesh\AppData\Local\Programs\MiKTeX\tex/latex/natbib\natbib.sty
Package: natbib 2010/09/13 8.31b (PWD, AO)
\bibhang=\skip56
\bibsep=\skip57
LaTeX Info: Redefining \cite on input line 694.
\c@NAT@ctr=\count297
) (C:\Users\Rishikesh\AppData\Local\Programs\MiKTeX\tex/latex/hyperref\hyperref.sty
Package: hyperref 2026-01-29 v7.01p Hypertext links for LaTeX
 (C:\Users\Rishikesh\AppData\Local\Programs\MiKTeX\tex/generic/iftex\iftex.sty
Package: iftex 2024/12/12 v1.0g TeX engine tests
) (C:\Users\Rishikesh\AppData\Local\Programs\MiKTeX\tex/latex/kvsetkeys\kvsetkeys.sty
Package: kvsetkeys 2022-10-05 v1.19 Key value parser (HO)
) (C:\Users\Rishikesh\AppData\Local\Programs\MiKTeX\tex/generic/kvdefinekeys\kvdefinekeys.sty
Package: kvdefinekeys 2019-12-19 v1.6 Define keys (HO)
) (C:\Users\Rishikesh\AppData\Local\Programs\MiKTeX\tex/generic/pdfescape\pdfescape.sty
Package: pdfescape 2019/12/09 v1.15 Implements pdfTeX's escape features (HO)
 (C:\Users\Rishikesh\AppData\Local\Programs\MiKTeX\tex/generic/ltxcmds\ltxcmds.sty
Package: ltxcmds 2023-12-04 v1.26 LaTeX kernel commands for general use (HO)
) (C:\Users\Rishikesh\AppData\Local\Programs\MiKTeX\tex/generic/pdftexcmds\pdftexcmds.sty
Package: pdftexcmds 2020-06-27 v0.33 Utility functions of pdfTeX for LuaTeX (HO)
 (C:\Users\Rishikesh\AppData\Local\Programs\MiKTeX\tex/generic/infwarerr\infwarerr.sty
Package: infwarerr 2019/12/03 v1.5 Providing info/warning/error messages (HO)
)
Package pdftexcmds Info: \pdf@primitive is available.
Package pdftexcmds Info: \pdf@ifprimitive is available.
Package pdftexcmds Info: \pdfdraftmode found.
)) (C:\Users\Rishikesh\AppData\Local\Programs\MiKTeX\tex/latex/hycolor\hycolor.sty
Package: hycolor 2020-01-27 v1.10 Color options for hyperref/bookmark (HO)
) (C:\Users\Rishikesh\AppData\Local\Programs\MiKTeX\tex/latex/hyperref\nameref.sty
Package: nameref 2026-01-29 v2.58 Cross-referencing by name of section
 (C:\Users\Rishikesh\AppData\Local\Programs\MiKTeX\tex/latex/refcount\refcount.sty
Package: refcount 2019/12/15 v3.6 Data extraction from label references (HO)
) (C:\Users\Rishikesh\AppData\Local\Programs\MiKTeX\tex/generic/gettitlestring\gettitlestring.sty
Package: gettitlestring 2019/12/15 v1.6 Cleanup title references (HO)
 (C:\Users\Rishikesh\AppData\Local\Programs\MiKTeX\tex/latex/kvoptions\kvoptions.sty
Package: kvoptions 2022-06-15 v3.15 Key value format for package options (HO)
))
\c@section@level=\count298
) (C:\Users\Rishikesh\AppData\Local\Programs\MiKTeX\tex/latex/etoolbox\etoolbox.sty
Package: etoolbox 2025/10/02 v2.5m e-TeX tools for LaTeX (JAW)
\etb@tempcnta=\count299
) (C:\Users\Rishikesh\AppData\Local\Programs\MiKTeX\tex/generic/stringenc\stringenc.sty
Package: stringenc 2019/11/29 v1.12 Convert strings between diff. encodings (HO)
)
\@linkdim=\dimen163
\Hy@linkcounter=\count300
\Hy@pagecounter=\count301
 (C:\Users\Rishikesh\AppData\Local\Programs\MiKTeX\tex/latex/hyperref\pd1enc.def
File: pd1enc.def 2026-01-29 v7.01p Hyperref: PDFDocEncoding definition (HO)
Now handling font encoding PD1 ...
... no UTF-8 mapping file for font encoding PD1
) (C:\Users\Rishikesh\AppData\Local\Programs\MiKTeX\tex/generic/intcalc\intcalc.sty
Package: intcalc 2019/12/15 v1.3 Expandable calculations with integers (HO)
)
\Hy@SavedSpaceFactor=\count302
 (C:\Users\Rishikesh\AppData\Local\Programs\MiKTeX\tex/latex/hyperref\puenc.def
File: puenc.def 2026-01-29 v7.01p Hyperref: PDF Unicode definition (HO)
Now handling font encoding PU ...
... no UTF-8 mapping file for font encoding PU
)
Package hyperref Info: Option `colorlinks' set `true' on input line 4072.
Package hyperref Info: Hyper figures OFF on input line 4201.
Package hyperref Info: Link nesting OFF on input line 4206.
Package hyperref Info: Hyper index ON on input line 4209.
Package hyperref Info: Plain pages OFF on input line 4216.
Package hyperref Info: Backreferencing OFF on input line 4221.
Package hyperref Info: Implicit mode ON; LaTeX internals redefined.
Package hyperref Info: Bookmarks ON on input line 4468.
\c@Hy@tempcnt=\count303
 (C:\Users\Rishikesh\AppData\Local\Programs\MiKTeX\tex/latex/url\url.sty
\Urlmuskip=\muskip18
Package: url 2013/09/16  ver 3.4  Verb mode for urls, etc.
)
LaTeX Info: Redefining \url on input line 4807.
\XeTeXLinkMargin=\dimen164
 (C:\Users\Rishikesh\AppData\Local\Programs\MiKTeX\tex/generic/bitset\bitset.sty
Package: bitset 2019/12/09 v1.3 Handle bit-vector datatype (HO)
 (C:\Users\Rishikesh\AppData\Local\Programs\MiKTeX\tex/generic/bigintcalc\bigintcalc.sty
Package: bigintcalc 2019/12/15 v1.5 Expandable calculations on big integers (HO)
))
\Fld@menulength=\count304
\Field@Width=\dimen165
\Fld@charsize=\dimen166
Package hyperref Info: Hyper figures OFF on input line 6084.
Package hyperref Info: Link nesting OFF on input line 6089.
Package hyperref Info: Hyper index ON on input line 6092.
Package hyperref Info: backreferencing OFF on input line 6099.
Package hyperref Info: Link coloring ON on input line 6102.
Package hyperref Info: Link coloring with OCG OFF on input line 6109.
Package hyperref Info: PDF/A mode OFF on input line 6114.
\Hy@abspage=\count305
\c@Item=\count306
\c@Hfootnote=\count307
)
Package hyperref Info: Driver (autodetected): hpdftex.
 (C:\Users\Rishikesh\AppData\Local\Programs\MiKTeX\tex/latex/hyperref\hpdftex.def
File: hpdftex.def 2026-01-29 v7.01p Hyperref driver for pdfTeX
\Fld@listcount=\count308
\c@bookmark@seq@number=\count309
 (C:\Users\Rishikesh\AppData\Local\Programs\MiKTeX\tex/latex/rerunfilecheck\rerunfilecheck.sty
Package: rerunfilecheck 2025-06-21 v1.11 Rerun checks for auxiliary files (HO)
 (C:\Users\Rishikesh\AppData\Local\Programs\MiKTeX\tex/generic/uniquecounter\uniquecounter.sty
Package: uniquecounter 2019/12/15 v1.4 Provide unlimited unique counter (HO)
)
Package uniquecounter Info: New unique counter `rerunfilecheck' on input line 284.
)
\Hy@SectionHShift=\skip58
)) (C:\Users\Rishikesh\AppData\Local\Programs\MiKTeX\tex/latex/l3backend\l3backend-pdftex.def
File: l3backend-pdftex.def 2026-02-18 L3 backend support: PDF output (pdfTeX)
\l__color_backend_stack_int=\count310
) (Rishikesh_UGRC_Thesis.aux)
\openout1 = `Rishikesh_UGRC_Thesis.aux'.

LaTeX Font Info:    Checking defaults for OML/cmm/m/it on input line 5.
LaTeX Font Info:    ... okay on input line 5.
LaTeX Font Info:    Checking defaults for OMS/cmsy/m/n on input line 5.
LaTeX Font Info:    ... okay on input line 5.
LaTeX Font Info:    Checking defaults for OT1/cmr/m/n on input line 5.
LaTeX Font Info:    ... okay on input line 5.
LaTeX Font Info:    Checking defaults for T1/cmr/m/n on input line 5.
LaTeX Font Info:    ... okay on input line 5.
LaTeX Font Info:    Checking defaults for TS1/cmr/m/n on input line 5.
LaTeX Font Info:    ... okay on input line 5.
LaTeX Font Info:    Checking defaults for OMX/cmex/m/n on input line 5.
LaTeX Font Info:    ... okay on input line 5.
LaTeX Font Info:    Checking defaults for U/cmr/m/n on input line 5.
LaTeX Font Info:    ... okay on input line 5.
LaTeX Font Info:    Checking defaults for PD1/pdf/m/n on input line 5.
LaTeX Font Info:    ... okay on input line 5.
LaTeX Font Info:    Checking defaults for PU/pdf/m/n on input line 5.
LaTeX Font Info:    ... okay on input line 5.
 (C:\Users\Rishikesh\AppData\Local\Programs\MiKTeX\tex/context/base/mkii\supp-pdf.mkii
[Loading MPS to PDF converter (version 2006.09.02).]
\scratchcounter=\count311
\scratchdimen=\dimen167
\scratchbox=\box55
\nofMPsegments=\count312
\nofMParguments=\count313
\everyMPshowfont=\toks23
\MPscratchCnt=\count314
\MPscratchDim=\dimen168
\MPnumerator=\count315
\makeMPintoPDFobject=\count316
\everyMPtoPDFconversion=\toks24
) (C:\Users\Rishikesh\AppData\Local\Programs\MiKTeX\tex/latex/epstopdf-pkg\epstopdf-base.sty
Package: epstopdf-base 2020-01-24 v2.11 Base part for package epstopdf
Package epstopdf-base Info: Redefining graphics rule for `.eps' on input line 485.
 (C:\Users\Rishikesh\AppData\Local\Programs\MiKTeX\tex/latex/00miktex\epstopdf-sys.cfg
File: epstopdf-sys.cfg 2021/03/18 v2.0 Configuration of epstopdf for MiKTeX
)) (C:\Users\Rishikesh\AppData\Local\Programs\MiKTeX\tex/latex/graphics\color.sty
Package: color 2025/01/14 v1.3e Standard LaTeX Color (DPC)
 (C:\Users\Rishikesh\AppData\Local\Programs\MiKTeX\tex/latex/graphics-cfg\color.cfg
File: color.cfg 2016/01/02 v1.6 sample color configuration
)
Package color Info: Driver file: pdftex.def on input line 149.
 (C:\Users\Rishikesh\AppData\Local\Programs\MiKTeX\tex/latex/graphics\mathcolor.ltx))
Package hyperref Info: Link coloring ON on input line 5.
 (Rishikesh_UGRC_Thesis.out) (Rishikesh_UGRC_Thesis.out)
\@outlinefile=\write3
\openout3 = `Rishikesh_UGRC_Thesis.out'.

<Figures/Logo.jpg, id=226, 140.2038pt x 86.724pt>
File: Figures/Logo.jpg Graphic file (type jpg)
<use Figures/Logo.jpg>
Package pdftex.def Info: Figures/Logo.jpg  used on input line 37.
(pdftex.def)             Requested size: 140.20345pt x 86.72377pt.
 [1

{C:/Users/Rishikesh/AppData/Local/MiKTeX/fonts/map/pdftex/pdftex.map} <./Figures/Logo.jpg>] [2


] [3


] (Rishikesh_UGRC_Thesis.toc
LaTeX Font Info:    Trying to load font information for U+msa on input line 6.
 (C:\Users\Rishikesh\AppData\Local\Programs\MiKTeX\tex/latex/amsfonts\umsa.fd
File: umsa.fd 2013/01/14 v3.01 AMS symbols A
)
LaTeX Font Info:    Trying to load font information for U+msb on input line 6.
 (C:\Users\Rishikesh\AppData\Local\Programs\MiKTeX\tex/latex/amsfonts\umsb.fd
File: umsb.fd 2013/01/14 v3.01 AMS symbols B
) [4


])
\tf@toc=\write4
\openout4 = `Rishikesh_UGRC_Thesis.toc'.


Overfull \hbox (5.07852pt too wide) has occurred while \output is active
 [] | [] 
 []


Overfull \vbox (0.56847pt too high) has occurred while \output is active []

 [5] (Rishikesh_UGRC_Thesis.lof)
\tf@lof=\write5
\openout5 = `Rishikesh_UGRC_Thesis.lof'.

 [6

] (Rishikesh_UGRC_Thesis.lot)
\tf@lot=\write6
\openout6 = `Rishikesh_UGRC_Thesis.lot'.

 [7


]
Chapter 1.

Underfull \vbox (badness 3547) has occurred while \output is active []

 [1


]
Underfull \vbox (badness 5403) has occurred while \output is active []


Overfull \hbox (5.07852pt too wide) has occurred while \output is active
 [] | [] 
 []


Overfull \vbox (0.65971pt too high) has occurred while \output is active []

 [2]
Overfull \hbox (5.07852pt too wide) has occurred while \output is active
 [] | [] 
 []


Overfull \vbox (0.65971pt too high) has occurred while \output is active []

 [3]
Overfull \hbox (5.07852pt too wide) has occurred while \output is active
 [] | [] 
 []


Overfull \vbox (0.65971pt too high) has occurred while \output is active []

 [4]
Overfull \hbox (5.07852pt too wide) has occurred while \output is active
 [] | [] 
 []


Overfull \vbox (0.65971pt too high) has occurred while \output is active []

 [5]
Chapter 2.
[6

]
Overfull \hbox (5.07852pt too wide) has occurred while \output is active
 [] | [] 
 []


Overfull \vbox (0.65971pt too high) has occurred while \output is active []

 [7]
Overfull \hbox (5.07852pt too wide) has occurred while \output is active
 [] | [] 
 []


Overfull \vbox (0.65971pt too high) has occurred while \output is active []

 [8]
Overfull \hbox (5.07852pt too wide) has occurred while \output is active
 [] | [] 
 []


Overfull \vbox (0.65971pt too high) has occurred while \output is active []

 [9]
Overfull \hbox (5.07852pt too wide) has occurred while \output is active
 [] | [] 
 []


Overfull \vbox (0.65971pt too high) has occurred while \output is active []

 [10]
Chapter 3.
<Figures/General_MLOps.jpg, id=409, 1378.39969pt x 571.38469pt>
File: Figures/General_MLOps.jpg Graphic file (type jpg)
<use Figures/General_MLOps.jpg>
Package pdftex.def Info: Figures/General_MLOps.jpg  used on input line 347.
(pdftex.def)             Requested size: 443.86299pt x 183.98897pt.
[11

 <./Figures/General_MLOps.jpg>]
Overfull \hbox (5.07852pt too wide) has occurred while \output is active
 [] | [] 
 []


Overfull \vbox (0.65971pt too high) has occurred while \output is active []

 [12]
Overfull \hbox (5.07852pt too wide) has occurred while \output is active
 [] | [] 
 []


Overfull \vbox (0.65971pt too high) has occurred while \output is active []

 [13]
Overfull \hbox (5.07852pt too wide) has occurred while \output is active
 [] | [] 
 []


Overfull \vbox (1.26805pt too high) has occurred while \output is active []

 [14]
Overfull \hbox (5.07852pt too wide) has occurred while \output is active
 [] | [] 
 []


Overfull \vbox (1.26805pt too high) has occurred while \output is active []

 [15]
Overfull \hbox (5.07852pt too wide) has occurred while \output is active
 [] | [] 
 []


Overfull \vbox (1.26805pt too high) has occurred while \output is active []

 [16]
Overfull \hbox (21.7581pt too wide) in paragraph at lines 501--514
 [][] 
 []


Overfull \hbox (5.07852pt too wide) has occurred while \output is active
 [] | [] 
 []


Overfull \vbox (1.26805pt too high) has occurred while \output is active []

 [17]
Overfull \hbox (3.57164pt too wide) in paragraph at lines 526--526
[]\OT1/cmr/bx/n/14.4 Neural Net-work Train-ing, Opti-miza-tion, and Qual-ity Gates 
 []


Overfull \hbox (5.07852pt too wide) has occurred while \output is active
 [] | [] 
 []


Overfull \vbox (0.65971pt too high) has occurred while \output is active []

 [18]
Overfull \hbox (5.07852pt too wide) has occurred while \output is active
 [] | [] 
 []


Overfull \vbox (0.65971pt too high) has occurred while \output is active []

 [19]
Overfull \hbox (5.07852pt too wide) has occurred while \output is active
 [] | [] 
 []


Overfull \vbox (1.26805pt too high) has occurred while \output is active []

 [20]
Overfull \hbox (5.07852pt too wide) has occurred while \output is active
 [] | [] 
 []


Overfull \vbox (1.26805pt too high) has occurred while \output is active []

 [21]
Overfull \hbox (5.07852pt too wide) has occurred while \output is active
 [] | [] 
 []


Overfull \vbox (1.26805pt too high) has occurred while \output is active []

 [22]
Chapter 4.
[23

]
LaTeX Font Info:    Trying to load font information for OMS+cmr on input line 672.
 (C:\Users\Rishikesh\AppData\Local\Programs\MiKTeX\tex/latex/base\omscmr.fd
File: omscmr.fd 2024/11/19 v2.5n Standard LaTeX font definitions
)
LaTeX Font Info:    Font shape `OMS/cmr/bx/n' in size <10.95> not available
(Font)              Font shape `OMS/cmsy/b/n' tried instead on input line 672.
<Figures/Testing_Result.jpg, id=505, 563.85657pt x 494.59781pt>
File: Figures/Testing_Result.jpg Graphic file (type jpg)
<use Figures/Testing_Result.jpg>
Package pdftex.def Info: Figures/Testing_Result.jpg  used on input line 701.
(pdftex.def)             Requested size: 443.86299pt x 389.34688pt.
<Figures/Accuracy_Training.jpg, id=506, 981.6675pt x 541.27219pt>
File: Figures/Accuracy_Training.jpg Graphic file (type jpg)
<use Figures/Accuracy_Training.jpg>
Package pdftex.def Info: Figures/Accuracy_Training.jpg  used on input line 710.
(pdftex.def)             Requested size: 355.09174pt x 195.7911pt.

Overfull \hbox (5.07852pt too wide) has occurred while \output is active
 [] | [] 
 []


Overfull \vbox (0.65971pt too high) has occurred while \output is active []

 [24]
<Figures/Loss_Training.jpg, id=514, 982.42032pt x 444.91219pt>
File: Figures/Loss_Training.jpg Graphic file (type jpg)
<use Figures/Loss_Training.jpg>
Package pdftex.def Info: Figures/Loss_Training.jpg  used on input line 717.
(pdftex.def)             Requested size: 355.09174pt x 160.81319pt.

Underfull \vbox (badness 10000) has occurred while \output is active []


Overfull \hbox (5.07852pt too wide) has occurred while \output is active
 [] | [] 
 []


Overfull \vbox (0.65971pt too high) has occurred while \output is active []

 [25 <./Figures/Testing_Result.jpg>]
Overfull \hbox (5.07852pt too wide) has occurred while \output is active
 [] | [] 
 []


Overfull \vbox (0.65971pt too high) has occurred while \output is active []

 [26 <./Figures/Accuracy_Training.jpg> <./Figures/Loss_Training.jpg>]
Underfull \hbox (badness 10000) in paragraph at lines 742--742
[]\OT1/cmr/bx/n/10.95 Unoptimized
 []


Underfull \hbox (badness 10000) in paragraph at lines 742--742
\OT1/cmr/bx/n/10.95 (Float32)
 []


Underfull \hbox (badness 10000) in paragraph at lines 742--742
\OT1/cmr/bx/n/10.95 with-out
 []


Underfull \hbox (badness 10000) in paragraph at lines 742--742
[]\OT1/cmr/bx/n/10.95 Unoptimized
 []


Underfull \hbox (badness 10000) in paragraph at lines 742--742
\OT1/cmr/bx/n/10.95 (Float32)
 []


Underfull \hbox (badness 10000) in paragraph at lines 742--742
[]\OT1/cmr/bx/n/10.95 Quantized
 []


Underfull \hbox (badness 10000) in paragraph at lines 742--742
\OT1/cmr/bx/n/10.95 (Int8)
 []


Underfull \hbox (badness 10000) in paragraph at lines 742--742
\OT1/cmr/bx/n/10.95 With
 []


Underfull \hbox (badness 7291) in paragraph at lines 742--742
\OT1/cmr/bx/n/10.95 (Col 1 vs.
 []


Underfull \hbox (badness 10000) in paragraph at lines 744--744
[]\OT1/cmr/bx/n/10.95 Peak RAM
 []


Underfull \hbox (badness 1454) in paragraph at lines 746--746
[]\OT1/cmr/m/n/10.95 Zero accu-racy
 []


Overfull \hbox (5.07852pt too wide) has occurred while \output is active
 [] | [] 
 []


Overfull \vbox (0.65971pt too high) has occurred while \output is active []

 [27]
Overfull \hbox (6.5045pt too wide) in paragraph at lines 762--770
 [][] 
 []


Overfull \hbox (5.07852pt too wide) has occurred while \output is active
 [] | [] 
 []


Overfull \vbox (0.65971pt too high) has occurred while \output is active []

 [28

]
Chapter 5.
[29

]
Overfull \hbox (5.07852pt too wide) has occurred while \output is active
 [] | [] 
 []


Overfull \vbox (0.65971pt too high) has occurred while \output is active []

 [30]
Overfull \hbox (5.07852pt too wide) has occurred while \output is active
 [] | [] 
 []


Overfull \vbox (0.65971pt too high) has occurred while \output is active []

 [31]
Underfull \hbox (badness 10000) in paragraph at lines 836--837
[]\OT1/cmr/m/n/10.95 Google Cloud Archi-tec-ture Cen-ter, ``MLOps: Con-tin-u-ous deliv-
 []


Underfull \hbox (badness 10000) in paragraph at lines 836--837
\OT1/cmr/m/n/10.95 ery and automa-tion pipelines in machine learn-ing,'' 2024.
 []


Underfull \hbox (badness 10000) in paragraph at lines 836--837
\OT1/cmr/m/n/10.95 [Online]. Avail-able: [][]$\OT1/cmtt/m/n/10.95 https : / / docs . cloud . google . com / architecture /
 []

[32

]
Underfull \hbox (badness 2134) in paragraph at lines 846--847
\OT1/cmr/m/n/10.95 Overview, Def-i-ni-tion, and Archi-tec-ture,'' \OT1/cmr/m/it/10.95 arXiv preprint arXiv:2205.02302\OT1/cmr/m/n/10.95 , 2022.
 []


Overfull \hbox (5.07852pt too wide) has occurred while \output is active
 [] | [] 
 []


Overfull \vbox (0.56847pt too high) has occurred while \output is active []

 [33]
Appendix A.
[34

] (Rishikesh_UGRC_Thesis.aux)
 ***********
LaTeX2e <2025-11-01>
L3 programming layer <2026-03-20>
 ***********
Package rerunfilecheck Info: File `Rishikesh_UGRC_Thesis.out' has not changed.
(rerunfilecheck)             Checksum: C360AE81B1C738DAA1DEF256887C3E59;13883.
 ) 
Here is how much of TeX's memory you used:
 10556 strings out of 467691
 161683 string characters out of 5413051
 576214 words of memory out of 5000000
 39322 multiletter control sequences out of 15000+600000
 636550 words of font info for 72 fonts, out of 8000000 for 9000
 1141 hyphenation exceptions out of 8191
 90i,10n,93p,1048b,594s stack positions out of 10000i,1000n,20000p,200000b,200000s
 <C:\Users\Rishikesh\AppData\Local\MiKTeX\fonts/pk/ljfour/jknappen/ec/dpi600\tcbx1200.pk> <C:\Users\Rishikesh\AppData\Local\MiKTeX\fonts/pk/ljfour/jknappen/ec/dpi600\tcrm1095.pk><C:/Users/Rishikesh/AppData/Local/Programs/MiKTeX/fonts/type1/public/amsfonts/cm/cmbsy10.pfb><C:/Users/Rishikesh/AppData/Local/Programs/MiKTeX/fonts/type1/public/amsfonts/cm/cmbx10.pfb><C:/Users/Rishikesh/AppData/Local/Programs/MiKTeX/fonts/type1/public/amsfonts/cm/cmbx12.pfb><C:/Users/Rishikesh/AppData/Local/Programs/MiKTeX/fonts/type1/public/amsfonts/cm/cmex10.pfb><C:/Users/Rishikesh/AppData/Local/Programs/MiKTeX/fonts/type1/public/amsfonts/cm/cmmi10.pfb><C:/Users/Rishikesh/AppData/Local/Programs/MiKTeX/fonts/type1/public/amsfonts/cm/cmmi6.pfb><C:/Users/Rishikesh/AppData/Local/Programs/MiKTeX/fonts/type1/public/amsfonts/cm/cmmi8.pfb><C:/Users/Rishikesh/AppData/Local/Programs/MiKTeX/fonts/type1/public/amsfonts/cm/cmr10.pfb><C:/Users/Rishikesh/AppData/Local/Programs/MiKTeX/fonts/type1/public/amsfonts/cm/cmr6.pfb><C:/Users/Rishikesh/AppData/Local/Programs/MiKTeX/fonts/type1/public/amsfonts/cm/cmr8.pfb><C:/Users/Rishikesh/AppData/Local/Programs/MiKTeX/fonts/type1/public/amsfonts/cm/cmsy10.pfb><C:/Users/Rishikesh/AppData/Local/Programs/MiKTeX/fonts/type1/public/amsfonts/cm/cmsy8.pfb><C:/Users/Rishikesh/AppData/Local/Programs/MiKTeX/fonts/type1/public/amsfonts/cm/cmti10.pfb><C:/Users/Rishikesh/AppData/Local/Programs/MiKTeX/fonts/type1/public/amsfonts/cm/cmtt10.pfb>
Output written on Rishikesh_UGRC_Thesis.pdf (41 pages, 633047 bytes).
PDF statistics:
 690 PDF objects out of 1000 (max. 8388607)
 154 named destinations out of 1000 (max. 500000)
 474 words of extra memory for PDF output out of 10000 (max. 10000000)

